 Image pasarid-app Building 
#1 [internal] load local bake definitions
#1 reading from stdin 493B 0.0s done
#1 DONE 0.0s

#2 [internal] load build definition from Dockerfile
#2 DONE 0.0s

#2 [internal] load build definition from Dockerfile
#2 transferring dockerfile: 1.10kB done
#2 DONE 0.0s

#3 [internal] load metadata for docker.io/library/composer:latest
#3 ...

#4 [internal] load metadata for docker.io/library/php:8.4-fpm
#4 DONE 1.2s

#3 [internal] load metadata for docker.io/library/composer:latest
#3 DONE 1.2s

#5 [internal] load .dockerignore
#5 transferring context: 209B done
#5 DONE 0.0s

#6 FROM docker.io/library/composer:latest@sha256:d8f6343d3fae98107426bc49163ccad46ef85aabd4a27d80a74401fab4aba332
#6 resolve docker.io/library/composer:latest@sha256:d8f6343d3fae98107426bc49163ccad46ef85aabd4a27d80a74401fab4aba332 0.0s done
#6 DONE 0.0s

#7 [stage-0 1/8] FROM docker.io/library/php:8.4-fpm@sha256:59fa733c9af643a122f8a9976119460e35ce76dd0a3f2b9c8f75af8e361a54e2
#7 resolve docker.io/library/php:8.4-fpm@sha256:59fa733c9af643a122f8a9976119460e35ce76dd0a3f2b9c8f75af8e361a54e2 0.0s done
#7 DONE 0.0s

#8 [internal] load build context
#8 transferring context: 46.17MB 3.1s done
#8 DONE 3.1s

#9 [stage-0 2/8] RUN apt-get update && apt-get install -y     git     curl     libpng-dev     libonig-dev     libxml2-dev     zip     unzip     libicu-dev     && docker-php-ext-install pdo_mysql mbstring exif pcntl bcmath gd intl
#9 CACHED

#10 [stage-0 3/8] COPY --from=composer:latest /usr/bin/composer /usr/bin/composer
#10 CACHED

#11 [stage-0 4/8] WORKDIR /var/www/html
#11 CACHED

#12 [stage-0 5/8] COPY ./pasar-id/ .
#12 DONE 0.7s

#13 [stage-0 6/8] RUN composer install --no-interaction --optimize-autoloader --no-dev
#13 0.642 Installing dependencies from lock file
#13 0.653 Verifying lock file contents can be installed on current platform.
#13 1.228 Package operations: 76 installs, 0 updates, 0 removals
#13 1.238   - Downloading doctrine/inflector (2.1.0)
#13 1.239   - Downloading doctrine/lexer (3.0.1)
#13 1.240   - Downloading dragonmantank/cron-expression (v3.6.0)
#13 1.242   - Downloading symfony/polyfill-mbstring (v1.38.2)
#13 1.243   - Downloading symfony/deprecation-contracts (v3.7.1)
#13 1.244   - Downloading symfony/http-foundation (v8.1.5)
#13 1.246   - Downloading fruitcake/php-cors (v1.4.0)
#13 1.248   - Downloading symfony/polyfill-php82 (v1.38.1)
#13 1.249   - Downloading symfony/polyfill-php80 (v1.37.0)
#13 1.251   - Downloading psr/http-message (2.0)
#13 1.252   - Downloading psr/http-factory (1.1.0)
#13 1.254   - Downloading psr/http-client (1.0.3)
#13 1.255   - Downloading guzzlehttp/psr7 (3.1.0)
#13 1.256   - Downloading guzzlehttp/promises (3.0.2)
#13 1.257   - Downloading guzzlehttp/guzzle (8.1.0)
#13 1.258   - Downloading guzzlehttp/uri-template (v2.0.1)
#13 1.259   - Downloading symfony/polyfill-intl-normalizer (v1.42.0)
#13 1.260   - Downloading symfony/polyfill-intl-grapheme (v1.41.0)
#13 1.261   - Downloading symfony/polyfill-ctype (v1.37.0)
#13 1.262   - Downloading symfony/string (v8.1.2)
#13 1.262   - Downloading psr/container (2.0.2)
#13 1.264   - Downloading symfony/service-contracts (v3.7.1)
#13 1.264   - Downloading symfony/polyfill-php85 (v1.41.0)
#13 1.266   - Downloading symfony/console (v8.1.5)
#13 1.267   - Downloading laravel/prompts (v0.3.24)
#13 1.268   - Downloading laravel/serializable-closure (v2.0.16)
#13 1.269   - Downloading symfony/var-dumper (v8.1.5)
#13 1.270   - Downloading nikic/php-parser (v5.8.0)
#13 1.272   - Downloading psy/psysh (v0.12.24)
#13 1.273   - Downloading voku/portable-ascii (2.1.1)
#13 1.275   - Downloading phpoption/phpoption (1.10.0)
#13 1.276   - Downloading graham-campbell/result-type (v1.2.0)
#13 1.277   - Downloading vlucas/phpdotenv (v5.7.0)
#13 1.278   - Downloading symfony/css-selector (v8.1.5)
#13 1.279   - Downloading tijsverkoyen/css-to-inline-styles (v2.4.0)
#13 1.280   - Downloading symfony/polyfill-uuid (v1.37.0)
#13 1.281   - Downloading symfony/uid (v8.1.5)
#13 1.282   - Downloading symfony/routing (v8.1.5)
#13 1.282   - Downloading symfony/process (v8.1.5)
#13 1.284   - Downloading symfony/polyfill-php86 (v1.41.0)
#13 1.284   - Downloading symfony/polyfill-php84 (v1.38.1)
#13 1.286   - Downloading symfony/polyfill-intl-idn (v1.42.0)
#13 1.287   - Downloading symfony/mime (v8.1.5)
#13 1.287   - Downloading psr/event-dispatcher (1.0.0)
#13 1.289   - Downloading symfony/event-dispatcher-contracts (v3.7.1)
#13 1.290   - Downloading symfony/event-dispatcher (v8.1.5)
#13 1.291   - Downloading psr/log (3.0.2)
#13 1.292   - Downloading egulias/email-validator (4.0.4)
#13 1.293   - Downloading symfony/mailer (v8.1.5)
#13 1.294   - Downloading symfony/error-handler (v8.1.5)
#13 1.295   - Downloading symfony/http-kernel (v8.1.5)
#13 1.296   - Downloading symfony/finder (v8.1.5)
#13 1.297   - Downloading ramsey/collection (2.1.1)
#13 1.298   - Downloading brick/math (0.18.0)
#13 1.299   - Downloading ramsey/uuid (4.9.3)
#13 1.300   - Downloading psr/simple-cache (3.0.0)
#13 1.302   - Downloading nunomaduro/termwind (v2.4.0)
#13 1.302   - Downloading symfony/translation-contracts (v3.7.1)
#13 1.304   - Downloading symfony/translation (v8.1.5)
#13 1.304   - Downloading psr/clock (1.0.0)
#13 1.306   - Downloading symfony/clock (v8.1.0)
#13 1.308   - Downloading carbonphp/carbon-doctrine-types (3.2.0)
#13 1.309   - Downloading nesbot/carbon (3.13.2)
#13 1.310   - Downloading monolog/monolog (3.10.0)
#13 1.311   - Downloading league/uri-interfaces (7.8.1)
#13 1.312   - Downloading league/uri (7.8.1)
#13 1.313   - Downloading league/mime-type-detection (1.17.0)
#13 1.314   - Downloading league/flysystem-local (3.35.3)
#13 1.316   - Downloading league/flysystem (3.35.3)
#13 1.317   - Downloading nette/utils (v4.1.5)
#13 1.318   - Downloading nette/schema (v1.3.6)
#13 1.320   - Downloading dflydev/dot-access-data (v3.0.3)
#13 1.321   - Downloading league/config (v1.2.0)
#13 1.322   - Downloading league/commonmark (2.10.0)
#13 1.324   - Downloading laravel/framework (v13.29.0)
#13 1.325   - Downloading laravel/tinker (v3.0.2)
#13 1.333   0/76 [>---------------------------]   0%
#13 2.343   3/76 [=>--------------------------]   3%
#13 2.477   8/76 [==>-------------------------]  10%
#13 3.125  16/76 [=====>----------------------]  21%
#13 3.667  24/76 [========>-------------------]  31%
#13 4.033  32/76 [===========>----------------]  42%
#13 4.400  38/76 [==============>-------------]  50%
#13 4.867  46/76 [================>-----------]  60%
#13 5.198  54/76 [===================>--------]  71%
#13 5.746  64/76 [=======================>----]  84%
#13 5.959  70/76 [=========================>--]  92%
#13 6.738  76/76 [============================] 100%
#13 6.738   - Installing doctrine/inflector (2.1.0): Extracting archive
#13 6.742   - Installing doctrine/lexer (3.0.1): Extracting archive
#13 6.743   - Installing dragonmantank/cron-expression (v3.6.0): Extracting archive
#13 6.746   - Installing symfony/polyfill-mbstring (v1.38.2): Extracting archive
#13 6.747   - Installing symfony/deprecation-contracts (v3.7.1): Extracting archive
#13 6.749   - Installing symfony/http-foundation (v8.1.5): Extracting archive
#13 6.751   - Installing fruitcake/php-cors (v1.4.0): Extracting archive
#13 6.753   - Installing symfony/polyfill-php82 (v1.38.1): Extracting archive
#13 6.755   - Installing symfony/polyfill-php80 (v1.37.0): Extracting archive
#13 6.757   - Installing psr/http-message (2.0): Extracting archive
#13 6.759   - Installing psr/http-factory (1.1.0): Extracting archive
#13 6.760   - Installing psr/http-client (1.0.3): Extracting archive
#13 6.762   - Installing guzzlehttp/psr7 (3.1.0): Extracting archive
#13 6.764   - Installing guzzlehttp/promises (3.0.2): Extracting archive
#13 6.765   - Installing guzzlehttp/guzzle (8.1.0): Extracting archive
#13 6.767   - Installing guzzlehttp/uri-template (v2.0.1): Extracting archive
#13 6.771   - Installing symfony/polyfill-intl-normalizer (v1.42.0): Extracting archive
#13 6.772   - Installing symfony/polyfill-intl-grapheme (v1.41.0): Extracting archive
#13 6.773   - Installing symfony/polyfill-ctype (v1.37.0): Extracting archive
#13 6.774   - Installing symfony/string (v8.1.2): Extracting archive
#13 6.775   - Installing psr/container (2.0.2): Extracting archive
#13 6.776   - Installing symfony/service-contracts (v3.7.1): Extracting archive
#13 6.778   - Installing symfony/polyfill-php85 (v1.41.0): Extracting archive
#13 6.779   - Installing symfony/console (v8.1.5): Extracting archive
#13 6.780   - Installing laravel/prompts (v0.3.24): Extracting archive
#13 6.784   - Installing laravel/serializable-closure (v2.0.16): Extracting archive
#13 6.785   - Installing symfony/var-dumper (v8.1.5): Extracting archive
#13 6.787   - Installing nikic/php-parser (v5.8.0): Extracting archive
#13 6.789   - Installing psy/psysh (v0.12.24): Extracting archive
#13 6.792   - Installing voku/portable-ascii (2.1.1): Extracting archive
#13 6.793   - Installing phpoption/phpoption (1.10.0): Extracting archive
#13 6.794   - Installing graham-campbell/result-type (v1.2.0): Extracting archive
#13 6.795   - Installing vlucas/phpdotenv (v5.7.0): Extracting archive
#13 6.796   - Installing symfony/css-selector (v8.1.5): Extracting archive
#13 6.798   - Installing tijsverkoyen/css-to-inline-styles (v2.4.0): Extracting archive
#13 6.799   - Installing symfony/polyfill-uuid (v1.37.0): Extracting archive
#13 6.800   - Installing symfony/uid (v8.1.5): Extracting archive
#13 6.801   - Installing symfony/routing (v8.1.5): Extracting archive
#13 6.802   - Installing symfony/process (v8.1.5): Extracting archive
#13 6.803   - Installing symfony/polyfill-php86 (v1.41.0): Extracting archive
#13 6.804   - Installing symfony/polyfill-php84 (v1.38.1): Extracting archive
#13 6.805   - Installing symfony/polyfill-intl-idn (v1.42.0): Extracting archive
#13 6.807   - Installing symfony/mime (v8.1.5): Extracting archive
#13 6.808   - Installing psr/event-dispatcher (1.0.0): Extracting archive
#13 6.809   - Installing symfony/event-dispatcher-contracts (v3.7.1): Extracting archive
#13 6.810   - Installing symfony/event-dispatcher (v8.1.5): Extracting archive
#13 6.811   - Installing psr/log (3.0.2): Extracting archive
#13 6.812   - Installing egulias/email-validator (4.0.4): Extracting archive
#13 6.813   - Installing symfony/mailer (v8.1.5): Extracting archive
#13 6.815   - Installing symfony/error-handler (v8.1.5): Extracting archive
#13 6.816   - Installing symfony/http-kernel (v8.1.5): Extracting archive
#13 6.817   - Installing symfony/finder (v8.1.5): Extracting archive
#13 6.818   - Installing ramsey/collection (2.1.1): Extracting archive
#13 6.818   - Installing brick/math (0.18.0): Extracting archive
#13 6.820   - Installing ramsey/uuid (4.9.3): Extracting archive
#13 6.821   - Installing psr/simple-cache (3.0.0): Extracting archive
#13 6.822   - Installing nunomaduro/termwind (v2.4.0): Extracting archive
#13 6.823   - Installing symfony/translation-contracts (v3.7.1): Extracting archive
#13 6.824   - Installing symfony/translation (v8.1.5): Extracting archive
#13 6.826   - Installing psr/clock (1.0.0): Extracting archive
#13 6.827   - Installing symfony/clock (v8.1.0): Extracting archive
#13 6.828   - Installing carbonphp/carbon-doctrine-types (3.2.0): Extracting archive
#13 6.829   - Installing nesbot/carbon (3.13.2): Extracting archive
#13 6.830   - Installing monolog/monolog (3.10.0): Extracting archive
#13 6.832   - Installing league/uri-interfaces (7.8.1): Extracting archive
#13 6.833   - Installing league/uri (7.8.1): Extracting archive
#13 6.834   - Installing league/mime-type-detection (1.17.0): Extracting archive
#13 6.835   - Installing league/flysystem-local (3.35.3): Extracting archive
#13 6.837   - Installing league/flysystem (3.35.3): Extracting archive
#13 6.838   - Installing nette/utils (v4.1.5): Extracting archive
#13 6.839   - Installing nette/schema (v1.3.6): Extracting archive
#13 6.840   - Installing dflydev/dot-access-data (v3.0.3): Extracting archive
#13 6.841   - Installing league/config (v1.2.0): Extracting archive
#13 6.842   - Installing league/commonmark (2.10.0): Extracting archive
#13 6.843   - Installing laravel/framework (v13.29.0): Extracting archive
#13 6.845   - Installing laravel/tinker (v3.0.2): Extracting archive
#13 6.856   0/76 [>---------------------------]   0%
#13 6.979  33/76 [============>---------------]  43%
#13 7.090  58/76 [=====================>------]  76%
#13 7.191  73/76 [==========================>-]  96%
#13 7.401  76/76 [============================] 100%
#13 8.377 Generating optimized autoload files
#13 9.169 > Illuminate\Foundation\ComposerScripts::postAutoloadDump
#13 9.185 > @php artisan package:discover --ansi
#13 9.376 
#13 9.376   [37;44m INFO [39;49m Discovering packages.  
#13 9.376 
#13 9.380   laravel/tinker [90m.[39m[90m.[39m[90m.[39m[90m.[39m[90m.[39m[90m.[39m[90m.[39m[90m.[39m[90m.[39m[90m.[39m[90m.[39m[90m.[39m[90m.[39m[90m.[39m[90m.[39m[90m.[39m[90m.[39m[90m.[39m[90m.[39m[90m.[39m[90m.[39m[90m.[39m[90m.[39m[90m.[39m[90m.[39m[90m.[39m[90m.[39m[90m.[39m[90m.[39m[90m.[39m[90m.[39m[90m.[39m[90m.[39m[90m.[39m[90m.[39m[90m.[39m[90m.[39m[90m.[39m[90m.[39m[90m.[39m[90m.[39m[90m.[39m[90m.[39m[90m.[39m[90m.[39m[90m.[39m[90m.[39m[90m.[39m[90m.[39m[90m.[39m[90m.[39m[90m.[39m[90m.[39m[90m.[39m[90m.[39m[90m.[39m [32;1mDONE[39;22m
#13 9.380   nesbot/carbon [90m.[39m[90m.[39m[90m.[39m[90m.[39m[90m.[39m[90m.[39m[90m.[39m[90m.[39m[90m.[39m[90m.[39m[90m.[39m[90m.[39m[90m.[39m[90m.[39m[90m.[39m[90m.[39m[90m.[39m[90m.[39m[90m.[39m[90m.[39m[90m.[39m[90m.[39m[90m.[39m[90m.[39m[90m.[39m[90m.[39m[90m.[39m[90m.[39m[90m.[39m[90m.[39m[90m.[39m[90m.[39m[90m.[39m[90m.[39m[90m.[39m[90m.[39m[90m.[39m[90m.[39m[90m.[39m[90m.[39m[90m.[39m[90m.[39m[90m.[39m[90m.[39m[90m.[39m[90m.[39m[90m.[39m[90m.[39m[90m.[39m[90m.[39m[90m.[39m[90m.[39m[90m.[39m[90m.[39m[90m.[39m[90m.[39m[90m.[39m [32;1mDONE[39;22m
#13 9.381   nunomaduro/termwind [90m.[39m[90m.[39m[90m.[39m[90m.[39m[90m.[39m[90m.[39m[90m.[39m[90m.[39m[90m.[39m[90m.[39m[90m.[39m[90m.[39m[90m.[39m[90m.[39m[90m.[39m[90m.[39m[90m.[39m[90m.[39m[90m.[39m[90m.[39m[90m.[39m[90m.[39m[90m.[39m[90m.[39m[90m.[39m[90m.[39m[90m.[39m[90m.[39m[90m.[39m[90m.[39m[90m.[39m[90m.[39m[90m.[39m[90m.[39m[90m.[39m[90m.[39m[90m.[39m[90m.[39m[90m.[39m[90m.[39m[90m.[39m[90m.[39m[90m.[39m[90m.[39m[90m.[39m[90m.[39m[90m.[39m[90m.[39m[90m.[39m[90m.[39m[90m.[39m [32;1mDONE[39;22m
#13 9.382 
#13 9.389 54 packages you are using are looking for funding.
#13 9.389 Use the `composer fund` command to find out more!
#13 DONE 9.9s

#14 [stage-0 7/8] RUN useradd -m -G www-data -u 1000 laravel &&     mkdir -p /home/laravel/.composer &&     chown -R laravel:laravel /home/laravel &&     chown -R www-data:www-data /var/www/html
#14 DONE 18.9s

#15 [stage-0 8/8] RUN chmod -R 777 /var/www/html/storage /var/www/html/bootstrap/cache
#15 DONE 1.4s

#16 exporting to image
#16 exporting layers
#16 exporting layers 4.6s done
#16 exporting manifest sha256:55f17f2bf96f42de46c8add9daa91c2eb591f5fb04e35d01794d64cf292d5838 0.0s done
#16 exporting config sha256:4f75063350d07c425a67e9ef6578b58cd102526a573d71315cb7bf5f351000fa 0.0s done
#16 exporting attestation manifest sha256:9f8b7ca606c7ac6bc8ff95ff11c062f2cd015c6df16f27552c63cc178809060c 0.0s done
#16 exporting manifest list sha256:ad579b2a847afa0d627ec8a0f0ecf6421f1b6ae8f0bb47bfdb7683e144c2baf9 0.0s done
#16 naming to docker.io/library/pasarid-app:latest done
#16 unpacking to docker.io/library/pasarid-app:latest
#16 unpacking to docker.io/library/pasarid-app:latest 5.3s done
#16 DONE 10.1s

#17 resolving provenance for metadata file
#17 DONE 0.0s
 Image pasarid-app Built 
 Network pasarid_pasar-id-network Creating 
 Volume pasarid_db_data Creating 
 Volume pasarid_db_data Creating 
 Network pasarid_pasar-id-network Creating 
 Volume pasarid_db_data Created 
 Volume pasarid_db_data Created 
 Network pasarid_pasar-id-network Created 
 Network pasarid_pasar-id-network Created 
 Container pasar-id-app Creating 
 Container pasar-id-db Creating 
 Container pasar-id-db Created 
 Container pasar-id-phpmyadmin Creating 
 Container pasar-id-app Created 
 Container pasar-id-web Creating 
 Container pasar-id-web Created 
 Container pasar-id-phpmyadmin Created 
 Container pasar-id-app Starting 
 Container pasar-id-db Starting 
 Container pasar-id-app Started 
 Container pasar-id-web Starting 
 Container pasar-id-db Started 
 Container pasar-id-phpmyadmin Starting 
 Container pasar-id-web Started 
 Container pasar-id-phpmyadmin Started 
